{
    "class_name": "LambdaExample",
    "class_version": {
        "major": 65,
        "minor": 0
    },
    "access_flags": [
        "public",
        "super"
    ],
    "super_class": "java/lang/Object",
    "interfaces": [],
    "method_count": 3,
    "field_count": 0,
    "source_file": null,
    "constant_pool_count": 70,
    "fields": [],
    "methods": [
        {
            "name": "<init>",
            "descriptor": "()V",
            "access_flags": [
                "public"
            ]
        },
        {
            "name": "main",
            "descriptor": "([Ljava/lang/String;)V",
            "access_flags": [
                "public",
                "static"
            ]
        },
        {
            "name": "lambda$main$0",
            "descriptor": "(Ljava/lang/String;)V",
            "access_flags": [
                "private",
                "static",
                "synthetic"
            ]
        }
    ]
}