{
    "class_name": "PatternMatching",
    "class_modifiers": [
        "public",
        "super"
    ],
    "method_count": 2,
    "field_count": 0,
    "expected_methods": [
        "<init>:()V",
        "instanceofPattern:(Ljava/lang/Object;)Ljava/lang/String;"
    ],
    "expected_fields": [],
    "syntactic_sugar_features": [],
    "check_tokens": true,
    "source_file": null
}