{
    "class_name": "InnerClasses",
    "class_modifiers": [
        "public",
        "super"
    ],
    "method_count": 3,
    "field_count": 0,
    "expected_methods": [
        "<init>:()V",
        "localInner:()V",
        "anonymousInner:()V"
    ],
    "expected_fields": [],
    "syntactic_sugar_features": [],
    "check_tokens": true,
    "source_file": "InnerClasses.java"
}